// Loaded binary at [$0300..$0316]
// code labels: 3
// data labels: 6
M_90          EQU    $0090 ; xref $0307
M_91          EQU    $0091 ; xref $0309
M_92          EQU    $0092 ; xref $030B
M_93          EQU    $0093 ; xref $0313
M_0101          EQU    $0101 ; xref $0303
M_1721          EQU    $1721 ; xref $030F
; Code range [$0300-$0316]
/*0300*/             org    $0300
/*0300*/ START:                             ; xref
/*0300*/             TSX
/*0301*/             INX
/*0302*/             INX
/*0303*/             LDY    M_0101,X         ; $0101
/*0306*/             INY
/*0307*/             STY    M_90             ; $0090
/*0309*/             LDA    M_91             ; $0091
/*030B*/             STA    M_92             ; $0092
/*030D*/             LDY    #$00             ; $0000
/*030F*/             STY    M_1721           ; $1721
/*0312*/             DEY
/*0313*/             STY    M_93             ; $0093
/*0315*/             BNE    L_0350           ; $0350
/*0317*/ L_0317:                             ; xref START
; ERROR: Invalid instruction
/*0317*/             ???
; Code range [$0350-$0350]
/*0350*/             org    $0350
/*0350*/ L_0350:                             ; xref START
; ERROR: Invalid instruction
/*0350*/             ???
