{"id":1,"jsonrpc":"2.0","result":{"capabilities":{"tools":{}},"protocolVersion":"2025-06-18","serverInfo":{"name":"a2mcp","version":"1"}}}
{"id":2,"jsonrpc":"2.0","result":{"content":[{"text":"{\n  \"cycles\": 0,\n  \"frame\": 0,\n  \"keys_pending\": 1,\n  \"keys_scheduled\": 0,\n  \"stopped\": false,\n  \"video\": {\n    \"mixed\": false,\n    \"mode\": \"text\",\n    \"page\": 0\n  }\n}","type":"text"}]}}
{"id":3,"jsonrpc":"2.0","result":{"content":[{"text":"{\n  \"cycles\": 272802,\n  \"frame\": 17,\n  \"frames_run\": 17,\n  \"stop_reason\": \"screen_update\",\n  \"updates\": 1\n}","type":"text"}]}}
{"id":4,"jsonrpc":"2.0","result":{"content":[{"text":"{\n  \"cycles\": 784302,\n  \"frame\": 47,\n  \"frames_run\": 30,\n  \"note\": \"the visible page changed on every frame; no complete-frame boundary was found\",\n  \"stop_reason\": \"limit\",\n  \"updates\": 0\n}","type":"text"}]}}
