{"id":1,"jsonrpc":"2.0","result":{"capabilities":{"tools":{}},"protocolVersion":"2025-06-18","serverInfo":{"name":"a2mcp","version":"1"}}}
{"id":2,"jsonrpc":"2.0","result":{"content":[{"text":"{\n  \"cycles\": 0,\n  \"frame\": 0,\n  \"keys_pending\": 1,\n  \"keys_scheduled\": 0,\n  \"stopped\": false,\n  \"video\": {\n    \"mixed\": false,\n    \"mode\": \"text\",\n    \"page\": 0\n  }\n}","type":"text"}]}}
{"id":3,"jsonrpc":"2.0","result":{"content":[{"text":"{\n  \"cycles\": 2028952,\n  \"frame\": 120,\n  \"frames_run\": 120,\n  \"stop_reason\": \"limit\"\n}","type":"text"}]}}
{"id":4,"jsonrpc":"2.0","result":{"content":[{"text":"{\n  \"segments\": [\n    {\n      \"approx_frequency_hz\": 936.8131868131868,\n      \"duration_ms\": 101.94134897360703,\n      \"start_ms\": 0.0,\n      \"toggles\": 192\n    },\n    {\n      \"silence_ms\": 24.319648093841643\n    },\n    {\n      \"approx_frequency_hz\": 508.95522388059703,\n      \"duration_ms\": 195.49853372434018,\n      \"start_ms\": 126.26099706744868,\n      \"toggles\": 200\n    }\n  ]\n}","type":"text"}]}}
